Jul 23 15:12:39:599 [139681125603140] dut: Device State: ON
Jul 23 15:12:40:599 [139681125603141] dut: Device State: OFF
Jul 23 15:12:41:599 [139681125603142] dut: Device State: ERR
Jul 23 15:12:42:599 [139681125603143] dut: Device State: ON
Jul 23 15:12:43:599 [139681125603144] dut: Device State: OFF
Jul 23 15:12:44:599 [139681125603145] dut: Device State: ERR
Jul 23 15:12:45:599 [139681125603146] dut: Device State: ON
Jul 23 15:12:46:599 [139681125603147] dut: Device State: OFF
Jul 23 15:12:47:599 [139681125603148] dut: Device State: ERR
Jul 23 15:12:48:599 [139681125603149] dut: Device State: ON
Jul 23 15:12:49:599 [139681125603150] dut: Device State: OFF
Jul 23 15:12:50:599 [139681125603151] dut: Device State: ERR
Jul 23 15:12:51:599 [139681125603152] dut: Device State: ON
Jul 23 15:12:52:599 [139681125603153] dut: Device State: OFF
Jul 23 15:12:53:599 [139681125603154] dut: Device State: ERR
Jul 23 15:12:54:599 [139681125603155] dut: Device State: ON
Jul 23 15:12:55:599 [139681125603156] dut: Device State: OFF
Jul 23 15:12:56:599 [139681125603157] dut: Device State: ERR
Jul 23 15:12:57:599 [139681125603158] dut: Device State: ON
Jul 23 15:12:58:599 [139681125603158] dut: Device State: ON
Jul 24 15:33:59:000 [139681125603158] dut: Device State: ERR
